Microsoft Windows [Version 10.0.17134.1365]
(c) 2018 Microsoft Corporation. All rights reserved.

C:\WINDOWS\system32>keytool -genkeypair -alias javadevjournal -keyalg RSA -keysize 2048 -storetype PKCS12 -keystore javadevjournal.p12 -validity 3650
Enter keystore password:
keytool error: java.lang.NullPointerException

C:\WINDOWS\system32>keytool -genkeypair -alias javadevjournal -keyalg RSA -keysize 2048 -storetype PKCS12 -keystore javadevjournal.p12 -validity 3650
Enter keystore password:
Re-enter new password:
What is your first and last name?
  [Unknown]:  PD
What is the name of your organizational unit?
  [Unknown]:  PD
What is the name of your organization?
  [Unknown]:  PD
What is the name of your City or Locality?
  [Unknown]:  PD
What is the name of your State or Province?
  [Unknown]:  PD
What is the two-letter country code for this unit?
  [Unknown]:  IN
Is CN=PD, OU=PD, O=PD, L=PD, ST=PD, C=IN correct?
  [no]:  no
What is your first and last name?
  [PD]:  javadevjournal
What is the name of your organizational unit?
  [PD]:  javadevjournal
What is the name of your organization?
  [PD]:  javadevjournal
What is the name of your City or Locality?
  [PD]:  San Jose
What is the name of your State or Province?
  [PD]:  california
What is the two-letter country code for this unit?
  [IN]:  US
Is CN=javadevjournal, OU=javadevjournal, O=javadevjournal, L=San Jose, ST=california, C=US correct?
  [no]:  yes


C:\WINDOWS\system32>keytool -list -keystore  javadevjournal.p12
Enter keystore password:
Keystore type: jks
Keystore provider: SUN

Your keystore contains 1 entry

javadevjournal, Apr 6, 2020, PrivateKeyEntry,
Certificate fingerprint (SHA1): A7:92:55:11:73:DD:40:87:43:A4:3A:26:1B:26:88:60:72:60:95:F5

C:\WINDOWS\system32>keytool -genkeypair -alias javadevjournal -keyalg RSA -keysize 2048 -storetype PKCS12 -keystore javadevjournal.p12 -validity 3650
Enter keystore password:
keytool error: java.lang.Exception: Key pair not generated, alias <javadevjournal> already exists

C:\WINDOWS\system32>keytool -genkeypair -alias localhost -keyalg RSA -keysize 2048 -storetype PKCS12 -keystore serverCert.p12 -validity 3650
Enter keystore password:
Re-enter new password:
What is your first and last name?
  [Unknown]:  localhost
What is the name of your organizational unit?
  [Unknown]:  localhost
What is the name of your organization?
  [Unknown]:  localhost
What is the name of your City or Locality?
  [Unknown]:  NG
What is the name of your State or Province?
  [Unknown]:  MH
What is the two-letter country code for this unit?
  [Unknown]:  IN
Is CN=localhost, OU=localhost, O=localhost, L=NG, ST=MH, C=IN correct?
  [no]:  yes


C:\WINDOWS\system32>keytool -list -keystore  serverCert.p12
Enter keystore password:
Keystore type: jks
Keystore provider: SUN

Your keystore contains 1 entry

localhost, Apr 7, 2020, PrivateKeyEntry,
Certificate fingerprint (SHA1): 18:34:D1:52:11:03:AD:B4:EA:1B:56:40:7E:02:62:58:53:88:23:FF

C:\WINDOWS\system32>